error: docs for function returning `Result` missing `# Errors` section
  --> tests/ui/issue_14491.rs:8:1
   |
LL | pub fn f() -> Result<(), &'static str> {
   | ^^^^^^^^^^^^^^^^^^^^^^^^^^^^^^^^^^^^^^
   |
note: the lint level is defined here
  --> tests/ui/issue_14491.rs:3:9
   |
LL | #![deny(clippy::missing_errors_doc)]
   |         ^^^^^^^^^^^^^^^^^^^^^^^^^^

error: docs for function which may panic missing `# Panics` section
  --> tests/ui/issue_14491.rs:16:1
   |
LL | pub fn g() {
   | ^^^^^^^^^^
   |
note: first possible panic found here
  --> tests/ui/issue_14491.rs:18:5
   |
LL |     panic!();
   |     ^^^^^^^^
note: the lint level is defined here
  --> tests/ui/issue_14491.rs:2:9
   |
LL | #![deny(clippy::missing_panics_doc)]
   |         ^^^^^^^^^^^^^^^^^^^^^^^^^^

error: aborting due to 2 previous errors

